00000000 a __dldi_lma
00000000 a __end__
00000000 A __sync_synchronize
01ff8000 t __itcm_start
01ff8038 00000018 T __excpt_vectors
01ff8050 0000007c T threadSwitchTo
01ff80cc 000000d4 T threadBlock
01ff81a0 000000d4 T threadUnblockOneByValue
01ff8274 00000138 T threadUnblockAllByValue
01ff83ac 000000f0 T threadUnblockAllByMask
01ff849c 0000002c T armContextSave
01ff84c8 00000020 T armContextLoad
01ff84cc T armContextLoadFromSvc
01ff84e8 00000008 T armWaitForIrq
01ff84f0 00000004 t __arm_excpt_rst
01ff84f4 00000004 t __arm_excpt_pabt
01ff84f8 0000000c t __arm_excpt_und
01ff8504 0000000c t __arm_excpt_dabt
01ff8510 00000030 t __excpt_entry
01ff8540 0000000c T armDrainWriteBuffer
01ff854c 00000028 T armDCacheFlushAll
01ff8574 0000000c T armICacheInvalidateAll
01ff8580 000000e4 t __arm_excpt_irq
01ff8664 t __itcm_end
02001000 t __crt0_start
02001000 00000060 t __ds9_bootstub_trampoline
02001060 00000074 T crt0ProcessLoadList
020010d4 00000180 T crt0Startup
02001254 0000004c T crt0CopyMem32
020012a0 00000058 T crt0FillMem32
020012f8 000000b4 T crt0SetupMPU
020013c0 t __crt0_end
020013c0 t __main_start
020013c0 T _init
020013cc 00000022 T exit
020013f0 00000090 T main
02001480 t __do_global_dtors_aux
020014ac t frame_dummy
020014d0 00000010 t Vblank()
020014e0 000000e8 t newRow
020015c8 000000e0 T consolePrintChar
020016a8 0000034c T con_write
020019f4 000002e4 T consoleLoadFont
02001cd8 00000170 T consoleInit
02001e48 00000040 T consoleDemoInit
02001e88 0000006c T scanKeys
02001ef4 00000010 T keysDown
02001f04 0000006c T checkIfText
02001f70 000000e8 T bgUpdate
02002058 000000a8 T bgInit_call
02002100 000000b0 T bgInitSub_call
020021b0 0000004c T sinLutLookup
020021fc 00000038 T sinLerp
02002234 00000044 T cosLerp
02002278 00000064 T irqSet
020022dc 00000010 t _threadTickTask
020022ec 000000a0 T threadExit
0200238c 00000098 T _threadInit
02002424 00000134 T threadPrepare
02002558 00000094 T threadStart
020025ec 000000a4 T threadIrqWait
02002690 00000058 T threadSleepTicks
020026e8 000001d4 T threadUpdateDynamicPrio
020028bc 00000148 t threadRemoveWaiter
02002a04 00000138 T mutexLock
02002b3c 000000bc T mutexUnlock
02002bf8 00000028 T keypadGetState
02002c20 00000040 t _pmCallEventHandlers
02002c60 0000009c t _pmPxiThreadMain
02002cfc 00000028 t _pmResetPxiHandler
02002d24 00000004 W systemUserExit
02002d28 00000004 W systemErrorExit
02002d2c 00000138 T __syscall_exit
02002e64 00000058 T pmInit
02002ebc 000000cc T pmEnterSleep
02002f88 00000074 T pmMainLoop
02002ffc 00000058 T touchRead
02003054 0000001c t _tickCountIsr
02003070 00000084 t _tickTaskSchedule.part.0.isra.0
020030f4 000000a0 T tickInit
02003194 0000005c T tickGetCount
020031f0 00000110 t _tickTaskIsr
02003300 00000144 T tickTaskStart
02003444 00000098 T mailboxTrySend
020034dc 00000098 T mailboxRecv
02003574 00000014 T __syscall_getreent
02003588 00000024 T __errno
020035ac 00000004 T __syscall_lock_acquire
020035b0 00000004 T __syscall_lock_release
020035b4 0000004c T __syscall_lock_acquire_recursive
02003600 00000018 T __syscall_lock_release_recursive
02003618 00000004 t _pxiMailboxHandler
0200361c 00000004 W _pxiRecvUnhandled
02003620 00000154 t _pxiRecvIrqHandler
02003774 00000058 T _pxiInit
020037cc 00000074 T pxiSetHandler
02003840 00000068 T pxiSetMailbox
020038a8 00000038 T pxiWaitRemote
020038e0 00000050 T pxiSendPacket
02003930 00000004 W systemUserStartup
02003934 00000110 W systemStartup
02003a44 T __aeabi_idiv
02003a44 00000130 T __divsi3
02003a4c t .divsi3_skip_div0_test
02003b74 00000020 T __aeabi_idivmod
02003b94 00000002 W __aeabi_idiv0
02003b94 00000002 W __aeabi_ldiv0
02003b98 T __aeabi_uldivmod
02003bd4 00000192 T __udivmoddi4
02003d68 00000028 T __clzdi2
02003d90 00000048 T __clzsi2
02003dd8 000000aa T memcpy
02003e84 0000008c T memset
02003f10 00000550 T _malloc_r
02004460 000000ac T _malloc_trim_r
0200450c 000001d8 T _free_r
020046e4 000001ac T setvbuf
02004890 00000020 t stdio_exit_handler
020048b0 00000040 t cleanup_stdio
020048f0 00000120 t global_stdio_init.part.0
02004998 a __crt0_lma
02004a10 0000003c T __sinit
02004a4c 00000014 T __sfp_lock_acquire
02004a60 00000014 T __sfp_lock_release
02004a74 00000052 T __libc_init_array
02004ac8 00000026 T malloc
02004af0 00000014 T free
02004b04 00000050 T siscanf
02004b54 00000034 T __sread
02004b88 00000004 T __seofread
02004b8c 0000004c T __swrite
02004bd8 0000003c T __sseek
02004c14 00000010 T __sclose
02004c24 00000026 T iprintf
02004c4c 00000014 T __malloc_lock
02004c60 00000014 T __malloc_unlock
02004c74 000000de T _fclose_r
02004d54 0000000c W __call_exitprocs
02004d58 a __itcm_lma
02004d58 a __loadlist_lma
02004d60 0000002e T __libc_fini_array
02004d90 00000404 t get_arg
02005194 000016d6 T _vfiprintf_r
0200686c 0000007c t __sbprintf
020068e8 00000060 T strlen
02006948 0000004c T _fwalk_sglue
02006994 00000088 T _wcrtomb_r
02006a1c 00000118 T _memalign_r
02006b34 000000e0 T __smakebuf_r
02006c14 0000005c T __swhatbuf_r
02006c70 00000020 T __locale_mb_cur_max
02006c90 00000180 T __sflush_r
02006e10 0000006e T _fflush_r
02006e80 00000024 T __sprint_r
02006ea4 0000003e t get_arg
02006ee2 0000007e T _sungetc_r
02006f60 00000042 T __ssrefill_r
02006fa2 00000088 T _sfread_r
0200702c 000019d6 T __ssvfiscanf_r
02008a04 0000025c t _strtol_l.part.0
02008c60 00000034 T _strtol_r
02008c94 00000068 T strncpy
02008cfc 00000074 T memchr
02008d70 0000001e T _wcsrtombs_r
02008d90 000000d2 T __swsetup_r
02008e64 00000020 T _localeconv_r
02008e84 000000bc T __utf8_wctomb
02008f40 0000011e T _wcsnrtombs_l
02009060 00000040 T _wcsnrtombs_r
020090a0 0000000e T iswspace
020090b0 000001c0 t _strtoull_l.isra.0
02009270 00000020 T _strtoull_r
02009290 00000150 t _strtoul_l.isra.0
020093e0 00000020 T _strtoul_r
02009400 0000007c T __submore
0200947c 0000024a T __utf8_mbtowc
020096c8 0000009c T _mbrtowc_r
02009764 0000031a T __sfvwrite_r
02009a80 000000b0 T __sccl
02009b30 00000300 t _strtoll_l.isra.0
02009e30 00000020 T _strtoll_r
02009e50 00000018 T realloc
02009e68 00000106 T memmove
02009f70 00000344 T _realloc_r
0200a2b4 00000028 T iswspace_l
0200a2dc 0000005c T category
0200a338 00000014 T _exit
0200a34c 0000005a T _fstat_r
0200a3a8 00000020 T __getreent
0200a3c8 00000034 T __get_handle
0200a3fc 000000ae T _close_r
0200a4ac 00000004 t null_write
0200a4b0 00000004 T _isatty_r
0200a4b4 00000062 T _lseek_r
0200a518 0000005a T _read_r
0200a574 00000050 W _sbrk_r
0200a5c4 00000018 T __libc_lock_acquire
0200a5dc 00000018 T __libc_lock_release
0200a5f4 00000018 T __libc_lock_acquire_recursive
0200a60c 00000018 T __libc_lock_release_recursive
0200a624 0000005a T _write_r
0200a680 00000012 T __gnu_thumb1_case_uqi
0200a694 00000014 T __gnu_thumb1_case_uhi
0200a6a8 t .udivsi3_skip_div0_test
0200a6a8 T __aeabi_uidiv
0200a6a8 000000fc T __udivsi3
0200a7a4 00000020 T __aeabi_uidivmod
0200a7c4 00000056 T __aeabi_lmul
0200a7c4 00000056 T __muldi3
0200a81c T _fini
0200a828 00000008 t ____aeabi_idiv0_from_arm
0200a830 00000008 t ____aeabi_ldiv0_from_arm
0200aa4c 00000080 t dotab_stdout
0200aacc T default_font_bin
0200b2cc 00000102 T SIN_LUT
0200b2cc T default_font_bin_end
0200b3f8 00000010 t zeroes.0
0200b408 00000010 t blanks.1
0200b418 0000006c T __action_table
0200b484 0000006c T __state_table
0200b4f0 00000100 T __chclass
0200b5f0 00000022 t basefix.0
0200b614 00000101 T _ctype_
0200b718 000037f8 t categories
0200ef10 00000080 T dotab_stdnull
0200ef90 00000001 d firstConsoleInit.0
0200ef94 00000004 D currentConsole
0200ef98 0000005c D defaultConsole
0200eff4 00000001 d count
0200eff5 00000001 d repeat
0200eff6 00000001 d delay
0200eff8 00000020 D bgTransform
0200f018 00000020 D bgScrollTable
0200f038 00000020 D bgControl
0200f058 00000004 D __malloc_sbrk_base
0200f05c 00000004 D __malloc_trim_threshold
0200f060 00000408 D __malloc_av_
0200f468 0000000c D __sglue
0200f474 00000004 D _impure_ptr
0200f478 00000200 D _impure_data
0200f678 00000254 D __global_locale
0200f8d0 00001000 d handles
020108d0 0000000c d __stderr_handle
020108dc 0000000c d __stdout_handle
020108e8 0000000c d __stdin_handle
020108f4 0000008c D devoptab_list
02010980 r __EH_FRAME_BEGIN__
02010980 r __FRAME_END__
02010984 r __tls_info
02010990 d __frame_dummy_init_array_entry
02010990 d __init_array_start
02010990 d __preinit_array_end
02010990 d __preinit_array_start
02010994 d __do_global_dtors_aux_fini_array_entry
02010994 d __fini_array_start
02010994 d __init_array_end
02010998 d __fini_array_end
02010998 d __main_end
02010998 ? __tls_end
02010998 ? __tls_start
02010998 b completed.1
0201099c b object.0
020109b4 00000004 b frame
020109b8 0000005c B currentCopy
02010a14 00000002 b keysrepeat
02010a18 00000004 b s_keypad
02010a1c 00000008 B bgIsTextLut
02010a24 00000140 B bgState
02010b64 00000008 b s_sleepThreads
02010b6c 00000008 b s_joinThreads
02010b74 00000070 b s_idleThread
02010be4 00000070 b s_mainThread
02010c58 00000200 b s_pmPxiThreadStack
02010e58 00000070 b s_pmPxiThread
02010ec8 00000008 b s_pmState
02010ed0 00000004 b s_firstTask
02010ed8 00000008 b s_highTickCount
02010ee0 00000001 b s_tickInit
02010ee4 00000008 b s_mailboxRecvQueue
02010eec 00000004 b s_defaultErrno.0
02010ef0 00000004 V __stacksize__
02010ef4 00000001 B g_isTwlMode
02010ef8 000001f0 b s_pxiChannels
020110e8 00000004 b s_pxiRecvState
020110ec 00000008 b s_pxiRecvQueue
020110f4 00000004 b s_pxiSendMutex
020110f8 00000028 B __malloc_current_mallinfo
02011120 00000004 B __malloc_max_total_mem
02011124 00000004 B __malloc_max_sbrked_mem
02011128 00000004 B __malloc_top_pad
0201112c 0000000c b __sfp_recursive_mutex
02011138 00000168 B __sf
020112a0 00000004 B __stdio_exit_handler
020112a4 0000000c b __malloc_recursive_mutex
020112b0 00000004 b __hndl_lock
020112b4 00000004 B fake_heap_start
020112b8 00000004 B fake_heap_end
020112bc 00000004 b heap_start.0
020112c0 b __heap_start_ntr
020112c0 r __heap_start_twl
020112c0 b __main_bss_end
020112c0 ? __twl_bss_end
020112c0 ? __twl_end
020112c0 ? __twl_start
02014994 a __loadlist_start
020149c4 a __loadlist_end
02400000 a __twl_lma
02400000 a __twl_loadlist_lma
02400000 a __twl_loadlist_start
0240000c a __twl_loadlist_end
02ff0000 ? __dtcm_end
02ff0000 ? __dtcm_start
02ff0000 00000080 B __irq_table
02ff0080 00000018 B __sched_state
02ff0098 b __dtcm_bss_end
02ff3e80 d __sp_usr
02ff3f80 a __sp_irq
02ff3fc0 a __sp_svc
02ff3ff8 a __irq_flags
0e000800 00000198 T __ds9_bootstub
ffff0008 a __arm_excpt_svc
